2026/07/30 21:29:53 ========== 本次服务器密钥 ==========
2026/07/30 21:29:53   c53b1d897c62376c8ed326ed6d62a1ac
2026/07/30 21:29:53   此密钥仅本次启动有效，用于初次验证管理员身份
2026/07/30 21:29:53   项目连接后获得的 token 永久有效，不受密钥变更影响
2026/07/30 21:29:53 =====================================
2026/07/30 21:29:53 Zell server starting on :3000
2026/07/30 21:29:53 [ws] client client-019fb328-d267-7fc3-bd5c-12733ad5c948 connecting to room 019fb328-d267-7fc3-bd5c-12733ad5c948:019fb336-3856-7940-9721-5217ba544390
2026/07/30 21:29:53 [hub] client joined room 019fb328-d267-7fc3-bd5c-12733ad5c948:019fb336-3856-7940-9721-5217ba544390 (1 clients)
[GIN-debug] [WARNING] Creating an Engine instance with the Logger and Recovery middleware already attached.

[GIN-debug] [WARNING] Running in "debug" mode. Switch to "release" mode in production.
 - using env:	export GIN_MODE=release
 - using code:	gin.SetMode(gin.ReleaseMode)

[GIN-debug] GET    /health                   --> main.main.func2 (4 handlers)
[GIN-debug] POST   /api/v1/projects/join     --> zell-server/internal/handler.(*InviteHandler).Join-fm (4 handlers)
[GIN-debug] POST   /api/v1/projects/:pid/join --> zell-server/internal/handler.(*InviteHandler).Join-fm (4 handlers)
[GIN-debug] POST   /api/v1/projects/:pid/collab --> zell-server/internal/handler.(*InviteHandler).CollabToggle-fm (5 handlers)
[GIN-debug] GET    /api/v1/projects/:pid/invite --> zell-server/internal/handler.(*InviteHandler).GetInvite-fm (5 handlers)
[GIN-debug] POST   /api/v1/projects/:pid/invite/rotate --> zell-server/internal/handler.(*InviteHandler).RotateInvite-fm (5 handlers)
[GIN-debug] GET    /api/v1/projects/:pid/members --> zell-server/internal/handler.(*InviteHandler).ListMembers-fm (5 handlers)
[GIN-debug] DELETE /api/v1/projects/:pid/members/:client_id --> zell-server/internal/handler.(*InviteHandler).RemoveMember-fm (5 handlers)
[GIN-debug] GET    /api/v1/projects/:pid/pending --> zell-server/internal/handler.(*InviteHandler).ListPending-fm (5 handlers)
[GIN-debug] POST   /api/v1/projects/:pid/pending/:client_id/approve --> zell-server/internal/handler.(*InviteHandler).ApprovePending-fm (5 handlers)
[GIN-debug] POST   /api/v1/projects/:pid/pending/:client_id/reject --> zell-server/internal/handler.(*InviteHandler).RejectPending-fm (5 handlers)
[GIN-debug] POST   /api/v1/projects/:pid/articles --> zell-server/internal/handler.(*ArticleHandler).Create-fm (5 handlers)
[GIN-debug] PUT    /api/v1/projects/:pid/articles/:aid --> zell-server/internal/handler.(*ArticleHandler).Update-fm (5 handlers)
[GIN-debug] DELETE /api/v1/projects/:pid/articles/:aid --> zell-server/internal/handler.(*ArticleHandler).Delete-fm (5 handlers)
[GIN-debug] GET    /api/v1/projects/:pid/articles --> zell-server/internal/handler.(*ArticleHandler).List-fm (5 handlers)
[GIN-debug] GET    /ws/:pid/:aid             --> zell-server/internal/handler.(*WSHandler).Handle-fm (4 handlers)
[GIN-debug] PUT    /api/v1/projects/:pid/publish --> zell-server/internal/handler.(*PublishHandler).SaveConfig-fm (5 handlers)
[GIN-debug] PUT    /api/v1/projects/:pid/publish/articles/:aid --> zell-server/internal/handler.(*PublishHandler).SaveArticle-fm (5 handlers)
[GIN-debug] PUT    /api/v1/projects/:pid/publish/whiteboards/:wid --> zell-server/internal/handler.(*PublishHandler).SaveWhiteboard-fm (5 handlers)
[GIN-debug] GET    /pub/:pid/wiki/           --> zell-server/internal/handler.(*PublishHandler).WikiIndex-fm (4 handlers)
[GIN-debug] GET    /pub/:pid/wiki/:aid       --> zell-server/internal/handler.(*PublishHandler).WikiArticle-fm (4 handlers)
[GIN-debug] GET    /pub/:pid/ppt/:wid        --> zell-server/internal/handler.(*PublishHandler).PPTPreview-fm (4 handlers)
2026/07/30 21:30:02 ========== 本次服务器密钥 ==========
2026/07/30 21:30:02   006719469d3f0a630a6696b280048dcf
2026/07/30 21:30:02   此密钥仅本次启动有效，用于初次验证管理员身份
2026/07/30 21:30:02   项目连接后获得的 token 永久有效，不受密钥变更影响
2026/07/30 21:30:02 =====================================
2026/07/30 21:30:02 Zell server starting on :3000
[GIN-debug] [WARNING] You trusted all proxies, this is NOT safe. We recommend you to set a value.
Please check https://pkg.go.dev/github.com/gin-gonic/gin#readme-don-t-trust-all-proxies for details.
[GIN-debug] Listening and serving HTTP on :3000
2026/07/30 21:30:02 [ws] client client-019fb328-d267-7fc3-bd5c-12733ad5c948 connecting to room 019fb328-d267-7fc3-bd5c-12733ad5c948:019fb336-3856-7940-9721-5217ba544390
2026/07/30 21:30:02 [hub] client joined room 019fb328-d267-7fc3-bd5c-12733ad5c948:019fb336-3856-7940-9721-5217ba544390 (1 clients)
[GIN] 2026/07/30 - 21:30:35 | 200 | 32.934777604s |             ::1 | GET      "/ws/019fb328-d267-7fc3-bd5c-12733ad5c948/019fb336-3856-7940-9721-5217ba544390?token=f4584f06-8240-40db-b923-8b1794936011"
2026/07/30 21:30:35 [hub] client left room 019fb328-d267-7fc3-bd5c-12733ad5c948:019fb336-3856-7940-9721-5217ba544390
2026/07/30 21:30:35 [ws] client client-019fb328-d267-7fc3-bd5c-12733ad5c948 connecting to room 019fb328-d267-7fc3-bd5c-12733ad5c948:019fb336-3856-7940-9721-5217ba544390
2026/07/30 21:30:35 [hub] client joined room 019fb328-d267-7fc3-bd5c-12733ad5c948:019fb336-3856-7940-9721-5217ba544390 (1 clients)
[GIN] 2026/07/30 - 21:30:40 | 200 |     126.976µs |             ::1 | GET      "/health"
[GIN-debug] [WARNING] Creating an Engine instance with the Logger and Recovery middleware already attached.

[GIN-debug] [WARNING] Running in "debug" mode. Switch to "release" mode in production.
 - using env:	export GIN_MODE=release
 - using code:	gin.SetMode(gin.ReleaseMode)

[GIN-debug] GET    /health                   --> main.main.func2 (4 handlers)
[GIN-debug] POST   /api/v1/projects/join     --> zell-server/internal/handler.(*InviteHandler).Join-fm (4 handlers)
[GIN-debug] POST   /api/v1/projects/:pid/join --> zell-server/internal/handler.(*InviteHandler).Join-fm (4 handlers)
[GIN-debug] POST   /api/v1/projects/:pid/collab --> zell-server/internal/handler.(*InviteHandler).CollabToggle-fm (5 handlers)
[GIN-debug] GET    /api/v1/projects/:pid/invite --> zell-server/internal/handler.(*InviteHandler).GetInvite-fm (5 handlers)
[GIN-debug] POST   /api/v1/projects/:pid/invite/rotate --> zell-server/internal/handler.(*InviteHandler).RotateInvite-fm (5 handlers)
[GIN-debug] GET    /api/v1/projects/:pid/members --> zell-server/internal/handler.(*InviteHandler).ListMembers-fm (5 handlers)
[GIN-debug] DELETE /api/v1/projects/:pid/members/:client_id --> zell-server/internal/handler.(*InviteHandler).RemoveMember-fm (5 handlers)
[GIN-debug] GET    /api/v1/projects/:pid/pending --> zell-server/internal/handler.(*InviteHandler).ListPending-fm (5 handlers)
[GIN-debug] POST   /api/v1/projects/:pid/pending/:client_id/approve --> zell-server/internal/handler.(*InviteHandler).ApprovePending-fm (5 handlers)
[GIN-debug] POST   /api/v1/projects/:pid/pending/:client_id/reject --> zell-server/internal/handler.(*InviteHandler).RejectPending-fm (5 handlers)
[GIN-debug] POST   /api/v1/projects/:pid/articles --> zell-server/internal/handler.(*ArticleHandler).Create-fm (5 handlers)
[GIN-debug] PUT    /api/v1/projects/:pid/articles/:aid --> zell-server/internal/handler.(*ArticleHandler).Update-fm (5 handlers)
[GIN-debug] DELETE /api/v1/projects/:pid/articles/:aid --> zell-server/internal/handler.(*ArticleHandler).Delete-fm (5 handlers)
[GIN-debug] GET    /api/v1/projects/:pid/articles --> zell-server/internal/handler.(*ArticleHandler).List-fm (5 handlers)
[GIN-debug] GET    /ws/:pid/:aid             --> zell-server/internal/handler.(*WSHandler).Handle-fm (4 handlers)
[GIN-debug] PUT    /api/v1/projects/:pid/publish --> zell-server/internal/handler.(*PublishHandler).SaveConfig-fm (5 handlers)
[GIN-debug] PUT    /api/v1/projects/:pid/publish/articles/:aid --> zell-server/internal/handler.(*PublishHandler).SaveArticle-fm (5 handlers)
[GIN-debug] PUT    /api/v1/projects/:pid/publish/whiteboards/:wid --> zell-server/internal/handler.(*PublishHandler).SaveWhiteboard-fm (5 handlers)
[GIN-debug] GET    /pub/:pid/wiki/           --> zell-server/internal/handler.(*PublishHandler).WikiIndex-fm (4 handlers)
[GIN-debug] GET    /pub/:pid/wiki/:aid       --> zell-server/internal/handler.(*PublishHandler).WikiArticle-fm (4 handlers)
[GIN-debug] GET    /pub/:pid/ppt/:wid        --> zell-server/internal/handler.(*PublishHandler).PPTPreview-fm (4 handlers)
2026/07/30 21:36:12 ========== 本次服务器密钥 ==========
2026/07/30 21:36:12   b69a6a56ad2e07e9d106307f9a590ea2
2026/07/30 21:36:12   此密钥仅本次启动有效，用于初次验证管理员身份
2026/07/30 21:36:12   项目连接后获得的 token 永久有效，不受密钥变更影响
2026/07/30 21:36:12 =====================================
2026/07/30 21:36:12 Zell server starting on :3000
[GIN-debug] [WARNING] You trusted all proxies, this is NOT safe. We recommend you to set a value.
Please check https://pkg.go.dev/github.com/gin-gonic/gin#readme-don-t-trust-all-proxies for details.
[GIN-debug] Listening and serving HTTP on :3000
2026/07/30 21:36:14 [ws] client client-019fb328-d267-7fc3-bd5c-12733ad5c948 connecting to room 019fb328-d267-7fc3-bd5c-12733ad5c948:019fb336-3856-7940-9721-5217ba544390
2026/07/30 21:36:14 [hub] client joined room 019fb328-d267-7fc3-bd5c-12733ad5c948:019fb336-3856-7940-9721-5217ba544390 (1 clients)
[GIN-debug] [WARNING] Creating an Engine instance with the Logger and Recovery middleware already attached.

[GIN-debug] [WARNING] Running in "debug" mode. Switch to "release" mode in production.
 - using env:	export GIN_MODE=release
 - using code:	gin.SetMode(gin.ReleaseMode)

[GIN-debug] GET    /health                   --> main.main.func2 (4 handlers)
[GIN-debug] POST   /api/v1/projects/join     --> zell-server/internal/handler.(*InviteHandler).Join-fm (4 handlers)
[GIN-debug] POST   /api/v1/projects/:pid/join --> zell-server/internal/handler.(*InviteHandler).Join-fm (4 handlers)
[GIN-debug] POST   /api/v1/projects/:pid/collab --> zell-server/internal/handler.(*InviteHandler).CollabToggle-fm (5 handlers)
[GIN-debug] GET    /api/v1/projects/:pid/invite --> zell-server/internal/handler.(*InviteHandler).GetInvite-fm (5 handlers)
[GIN-debug] POST   /api/v1/projects/:pid/invite/rotate --> zell-server/internal/handler.(*InviteHandler).RotateInvite-fm (5 handlers)
[GIN-debug] GET    /api/v1/projects/:pid/members --> zell-server/internal/handler.(*InviteHandler).ListMembers-fm (5 handlers)
[GIN-debug] DELETE /api/v1/projects/:pid/members/:client_id --> zell-server/internal/handler.(*InviteHandler).RemoveMember-fm (5 handlers)
[GIN-debug] GET    /api/v1/projects/:pid/pending --> zell-server/internal/handler.(*InviteHandler).ListPending-fm (5 handlers)
[GIN-debug] POST   /api/v1/projects/:pid/pending/:client_id/approve --> zell-server/internal/handler.(*InviteHandler).ApprovePending-fm (5 handlers)
[GIN-debug] POST   /api/v1/projects/:pid/pending/:client_id/reject --> zell-server/internal/handler.(*InviteHandler).RejectPending-fm (5 handlers)
[GIN-debug] POST   /api/v1/projects/:pid/articles --> zell-server/internal/handler.(*ArticleHandler).Create-fm (5 handlers)
[GIN-debug] PUT    /api/v1/projects/:pid/articles/:aid --> zell-server/internal/handler.(*ArticleHandler).Update-fm (5 handlers)
[GIN-debug] DELETE /api/v1/projects/:pid/articles/:aid --> zell-server/internal/handler.(*ArticleHandler).Delete-fm (5 handlers)
[GIN-debug] GET    /api/v1/projects/:pid/articles --> zell-server/internal/handler.(*ArticleHandler).List-fm (5 handlers)
[GIN-debug] GET    /ws/:pid/:aid             --> zell-server/internal/handler.(*WSHandler).Handle-fm (4 handlers)
[GIN-debug] PUT    /api/v1/projects/:pid/publish --> zell-server/internal/handler.(*PublishHandler).SaveConfig-fm (5 handlers)
[GIN-debug] PUT    /api/v1/projects/:pid/publish/articles/:aid --> zell-server/internal/handler.(*PublishHandler).SaveArticle-fm (5 handlers)
[GIN-debug] PUT    /api/v1/projects/:pid/publish/whiteboards/:wid --> zell-server/internal/handler.(*PublishHandler).SaveWhiteboard-fm (5 handlers)
[GIN-debug] GET    /pub/:pid/wiki/           --> zell-server/internal/handler.(*PublishHandler).WikiIndex-fm (4 handlers)
[GIN-debug] GET    /pub/:pid/wiki/:aid       --> zell-server/internal/handler.(*PublishHandler).WikiArticle-fm (4 handlers)
[GIN-debug] GET    /pub/:pid/ppt/:wid        --> zell-server/internal/handler.(*PublishHandler).PPTPreview-fm (4 handlers)
2026/07/30 21:36:21 ========== 本次服务器密钥 ==========
2026/07/30 21:36:21   60386d16adc9246c2bd89b2d99c6d0a6
2026/07/30 21:36:21   此密钥仅本次启动有效，用于初次验证管理员身份
2026/07/30 21:36:21   项目连接后获得的 token 永久有效，不受密钥变更影响
2026/07/30 21:36:21 =====================================
2026/07/30 21:36:21 Zell server starting on :3000
[GIN-debug] [WARNING] You trusted all proxies, this is NOT safe. We recommend you to set a value.
Please check https://pkg.go.dev/github.com/gin-gonic/gin#readme-don-t-trust-all-proxies for details.
[GIN-debug] Listening and serving HTTP on :3000
2026/07/30 21:36:21 [ws] client client-019fb328-d267-7fc3-bd5c-12733ad5c948 connecting to room 019fb328-d267-7fc3-bd5c-12733ad5c948:019fb336-3856-7940-9721-5217ba544390
2026/07/30 21:36:21 [hub] client joined room 019fb328-d267-7fc3-bd5c-12733ad5c948:019fb336-3856-7940-9721-5217ba544390 (1 clients)
[GIN-debug] [WARNING] Creating an Engine instance with the Logger and Recovery middleware already attached.

[GIN-debug] [WARNING] Running in "debug" mode. Switch to "release" mode in production.
 - using env:	export GIN_MODE=release
 - using code:	gin.SetMode(gin.ReleaseMode)

[GIN-debug] GET    /health                   --> main.main.func2 (4 handlers)
[GIN-debug] POST   /api/v1/projects/join     --> zell-server/internal/handler.(*InviteHandler).Join-fm (4 handlers)
[GIN-debug] POST   /api/v1/projects/:pid/join --> zell-server/internal/handler.(*InviteHandler).Join-fm (4 handlers)
[GIN-debug] POST   /api/v1/projects/:pid/collab --> zell-server/internal/handler.(*InviteHandler).CollabToggle-fm (5 handlers)
[GIN-debug] GET    /api/v1/projects/:pid/invite --> zell-server/internal/handler.(*InviteHandler).GetInvite-fm (5 handlers)
[GIN-debug] POST   /api/v1/projects/:pid/invite/rotate --> zell-server/internal/handler.(*InviteHandler).RotateInvite-fm (5 handlers)
[GIN-debug] GET    /api/v1/projects/:pid/members --> zell-server/internal/handler.(*InviteHandler).ListMembers-fm (5 handlers)
[GIN-debug] DELETE /api/v1/projects/:pid/members/:client_id --> zell-server/internal/handler.(*InviteHandler).RemoveMember-fm (5 handlers)
[GIN-debug] GET    /api/v1/projects/:pid/pending --> zell-server/internal/handler.(*InviteHandler).ListPending-fm (5 handlers)
[GIN-debug] POST   /api/v1/projects/:pid/pending/:client_id/approve --> zell-server/internal/handler.(*InviteHandler).ApprovePending-fm (5 handlers)
[GIN-debug] POST   /api/v1/projects/:pid/pending/:client_id/reject --> zell-server/internal/handler.(*InviteHandler).RejectPending-fm (5 handlers)
[GIN-debug] POST   /api/v1/projects/:pid/articles --> zell-server/internal/handler.(*ArticleHandler).Create-fm (5 handlers)
[GIN-debug] PUT    /api/v1/projects/:pid/articles/:aid --> zell-server/internal/handler.(*ArticleHandler).Update-fm (5 handlers)
[GIN-debug] DELETE /api/v1/projects/:pid/articles/:aid --> zell-server/internal/handler.(*ArticleHandler).Delete-fm (5 handlers)
[GIN-debug] GET    /api/v1/projects/:pid/articles --> zell-server/internal/handler.(*ArticleHandler).List-fm (5 handlers)
[GIN-debug] GET    /ws/:pid/:aid             --> zell-server/internal/handler.(*WSHandler).Handle-fm (4 handlers)
[GIN-debug] PUT    /api/v1/projects/:pid/publish --> zell-server/internal/handler.(*PublishHandler).SaveConfig-fm (5 handlers)
[GIN-debug] PUT    /api/v1/projects/:pid/publish/articles/:aid --> zell-server/internal/handler.(*PublishHandler).SaveArticle-fm (5 handlers)
[GIN-debug] PUT    /api/v1/projects/:pid/publish/whiteboards/:wid --> zell-server/internal/handler.(*PublishHandler).SaveWhiteboard-fm (5 handlers)
[GIN-debug] GET    /pub/:pid/wiki/           --> zell-server/internal/handler.(*PublishHandler).WikiIndex-fm (4 handlers)
[GIN-debug] GET    /pub/:pid/wiki/:aid       --> zell-server/internal/handler.(*PublishHandler).WikiArticle-fm (4 handlers)
[GIN-debug] GET    /pub/:pid/ppt/:wid        --> zell-server/internal/handler.(*PublishHandler).PPTPreview-fm (4 handlers)
2026/07/30 21:36:34 ========== 本次服务器密钥 ==========
2026/07/30 21:36:34   aebcec5aa0129770ebf9365685ac4c1d
2026/07/30 21:36:34   此密钥仅本次启动有效，用于初次验证管理员身份
2026/07/30 21:36:34   项目连接后获得的 token 永久有效，不受密钥变更影响
2026/07/30 21:36:34 =====================================
2026/07/30 21:36:34 Zell server starting on :3000
[GIN-debug] [WARNING] You trusted all proxies, this is NOT safe. We recommend you to set a value.
Please check https://pkg.go.dev/github.com/gin-gonic/gin#readme-don-t-trust-all-proxies for details.
[GIN-debug] Listening and serving HTTP on :3000
2026/07/30 21:36:34 [ws] client client-019fb328-d267-7fc3-bd5c-12733ad5c948 connecting to room 019fb328-d267-7fc3-bd5c-12733ad5c948:019fb336-3856-7940-9721-5217ba544390
2026/07/30 21:36:34 [hub] client joined room 019fb328-d267-7fc3-bd5c-12733ad5c948:019fb336-3856-7940-9721-5217ba544390 (1 clients)
[GIN-debug] [WARNING] Creating an Engine instance with the Logger and Recovery middleware already attached.

[GIN-debug] [WARNING] Running in "debug" mode. Switch to "release" mode in production.
 - using env:	export GIN_MODE=release
 - using code:	gin.SetMode(gin.ReleaseMode)

[GIN-debug] GET    /health                   --> main.main.func2 (4 handlers)
[GIN-debug] POST   /api/v1/projects/join     --> zell-server/internal/handler.(*InviteHandler).Join-fm (4 handlers)
[GIN-debug] POST   /api/v1/projects/:pid/join --> zell-server/internal/handler.(*InviteHandler).Join-fm (4 handlers)
[GIN-debug] POST   /api/v1/projects/:pid/collab --> zell-server/internal/handler.(*InviteHandler).CollabToggle-fm (5 handlers)
[GIN-debug] GET    /api/v1/projects/:pid/invite --> zell-server/internal/handler.(*InviteHandler).GetInvite-fm (5 handlers)
[GIN-debug] POST   /api/v1/projects/:pid/invite/rotate --> zell-server/internal/handler.(*InviteHandler).RotateInvite-fm (5 handlers)
[GIN-debug] GET    /api/v1/projects/:pid/members --> zell-server/internal/handler.(*InviteHandler).ListMembers-fm (5 handlers)
[GIN-debug] DELETE /api/v1/projects/:pid/members/:client_id --> zell-server/internal/handler.(*InviteHandler).RemoveMember-fm (5 handlers)
[GIN-debug] GET    /api/v1/projects/:pid/pending --> zell-server/internal/handler.(*InviteHandler).ListPending-fm (5 handlers)
[GIN-debug] POST   /api/v1/projects/:pid/pending/:client_id/approve --> zell-server/internal/handler.(*InviteHandler).ApprovePending-fm (5 handlers)
[GIN-debug] POST   /api/v1/projects/:pid/pending/:client_id/reject --> zell-server/internal/handler.(*InviteHandler).RejectPending-fm (5 handlers)
[GIN-debug] POST   /api/v1/projects/:pid/articles --> zell-server/internal/handler.(*ArticleHandler).Create-fm (5 handlers)
[GIN-debug] PUT    /api/v1/projects/:pid/articles/:aid --> zell-server/internal/handler.(*ArticleHandler).Update-fm (5 handlers)
[GIN-debug] DELETE /api/v1/projects/:pid/articles/:aid --> zell-server/internal/handler.(*ArticleHandler).Delete-fm (5 handlers)
[GIN-debug] GET    /api/v1/projects/:pid/articles --> zell-server/internal/handler.(*ArticleHandler).List-fm (5 handlers)
[GIN-debug] GET    /ws/:pid/:aid             --> zell-server/internal/handler.(*WSHandler).Handle-fm (4 handlers)
[GIN-debug] PUT    /api/v1/projects/:pid/publish --> zell-server/internal/handler.(*PublishHandler).SaveConfig-fm (5 handlers)
[GIN-debug] PUT    /api/v1/projects/:pid/publish/articles/:aid --> zell-server/internal/handler.(*PublishHandler).SaveArticle-fm (5 handlers)
[GIN-debug] PUT    /api/v1/projects/:pid/publish/whiteboards/:wid --> zell-server/internal/handler.(*PublishHandler).SaveWhiteboard-fm (5 handlers)
[GIN-debug] GET    /pub/:pid/wiki/           --> zell-server/internal/handler.(*PublishHandler).WikiIndex-fm (4 handlers)
[GIN-debug] GET    /pub/:pid/wiki/:aid       --> zell-server/internal/handler.(*PublishHandler).WikiArticle-fm (4 handlers)
[GIN-debug] GET    /pub/:pid/ppt/:wid        --> zell-server/internal/handler.(*PublishHandler).PPTPreview-fm (4 handlers)
2026/07/30 21:36:40 ========== 本次服务器密钥 ==========
2026/07/30 21:36:40   ec1fa71f83365c2fb9640aaeeaf4f556
2026/07/30 21:36:40   此密钥仅本次启动有效，用于初次验证管理员身份
2026/07/30 21:36:40   项目连接后获得的 token 永久有效，不受密钥变更影响
2026/07/30 21:36:40 =====================================
2026/07/30 21:36:40 Zell server starting on :3000
[GIN-debug] [WARNING] You trusted all proxies, this is NOT safe. We recommend you to set a value.
Please check https://pkg.go.dev/github.com/gin-gonic/gin#readme-don-t-trust-all-proxies for details.
[GIN-debug] Listening and serving HTTP on :3000
2026/07/30 21:36:40 [ws] client client-019fb328-d267-7fc3-bd5c-12733ad5c948 connecting to room 019fb328-d267-7fc3-bd5c-12733ad5c948:019fb336-3856-7940-9721-5217ba544390
2026/07/30 21:36:40 [hub] client joined room 019fb328-d267-7fc3-bd5c-12733ad5c948:019fb336-3856-7940-9721-5217ba544390 (1 clients)
[GIN-debug] [WARNING] Creating an Engine instance with the Logger and Recovery middleware already attached.

[GIN-debug] [WARNING] Running in "debug" mode. Switch to "release" mode in production.
 - using env:	export GIN_MODE=release
 - using code:	gin.SetMode(gin.ReleaseMode)

[GIN-debug] GET    /health                   --> main.main.func2 (4 handlers)
[GIN-debug] POST   /api/v1/projects/join     --> zell-server/internal/handler.(*InviteHandler).Join-fm (4 handlers)
[GIN-debug] POST   /api/v1/projects/:pid/join --> zell-server/internal/handler.(*InviteHandler).Join-fm (4 handlers)
[GIN-debug] POST   /api/v1/projects/:pid/collab --> zell-server/internal/handler.(*InviteHandler).CollabToggle-fm (5 handlers)
[GIN-debug] GET    /api/v1/projects/:pid/invite --> zell-server/internal/handler.(*InviteHandler).GetInvite-fm (5 handlers)
[GIN-debug] POST   /api/v1/projects/:pid/invite/rotate --> zell-server/internal/handler.(*InviteHandler).RotateInvite-fm (5 handlers)
[GIN-debug] GET    /api/v1/projects/:pid/members --> zell-server/internal/handler.(*InviteHandler).ListMembers-fm (5 handlers)
[GIN-debug] DELETE /api/v1/projects/:pid/members/:client_id --> zell-server/internal/handler.(*InviteHandler).RemoveMember-fm (5 handlers)
[GIN-debug] GET    /api/v1/projects/:pid/pending --> zell-server/internal/handler.(*InviteHandler).ListPending-fm (5 handlers)
[GIN-debug] POST   /api/v1/projects/:pid/pending/:client_id/approve --> zell-server/internal/handler.(*InviteHandler).ApprovePending-fm (5 handlers)
[GIN-debug] POST   /api/v1/projects/:pid/pending/:client_id/reject --> zell-server/internal/handler.(*InviteHandler).RejectPending-fm (5 handlers)
[GIN-debug] POST   /api/v1/projects/:pid/articles --> zell-server/internal/handler.(*ArticleHandler).Create-fm (5 handlers)
[GIN-debug] PUT    /api/v1/projects/:pid/articles/:aid --> zell-server/internal/handler.(*ArticleHandler).Update-fm (5 handlers)
[GIN-debug] DELETE /api/v1/projects/:pid/articles/:aid --> zell-server/internal/handler.(*ArticleHandler).Delete-fm (5 handlers)
[GIN-debug] GET    /api/v1/projects/:pid/articles --> zell-server/internal/handler.(*ArticleHandler).List-fm (5 handlers)
[GIN-debug] GET    /ws/:pid/:aid             --> zell-server/internal/handler.(*WSHandler).Handle-fm (4 handlers)
[GIN-debug] PUT    /api/v1/projects/:pid/publish --> zell-server/internal/handler.(*PublishHandler).SaveConfig-fm (5 handlers)
[GIN-debug] PUT    /api/v1/projects/:pid/publish/articles/:aid --> zell-server/internal/handler.(*PublishHandler).SaveArticle-fm (5 handlers)
[GIN-debug] PUT    /api/v1/projects/:pid/publish/whiteboards/:wid --> zell-server/internal/handler.(*PublishHandler).SaveWhiteboard-fm (5 handlers)
[GIN-debug] GET    /pub/:pid/wiki/           --> zell-server/internal/handler.(*PublishHandler).WikiIndex-fm (4 handlers)
[GIN-debug] GET    /pub/:pid/wiki/:aid       --> zell-server/internal/handler.(*PublishHandler).WikiArticle-fm (4 handlers)
[GIN-debug] GET    /pub/:pid/ppt/:wid        --> zell-server/internal/handler.(*PublishHandler).PPTPreview-fm (4 handlers)
2026/07/30 21:36:54 ========== 本次服务器密钥 ==========
2026/07/30 21:36:54   b18d35f8ea8657f33b0fa6f3d009b8ad
2026/07/30 21:36:54   此密钥仅本次启动有效，用于初次验证管理员身份
2026/07/30 21:36:54   项目连接后获得的 token 永久有效，不受密钥变更影响
2026/07/30 21:36:54 =====================================
2026/07/30 21:36:54 Zell server starting on :3000
[GIN-debug] [WARNING] You trusted all proxies, this is NOT safe. We recommend you to set a value.
Please check https://pkg.go.dev/github.com/gin-gonic/gin#readme-don-t-trust-all-proxies for details.
[GIN-debug] Listening and serving HTTP on :3000
2026/07/30 21:36:54 [ws] client client-019fb328-d267-7fc3-bd5c-12733ad5c948 connecting to room 019fb328-d267-7fc3-bd5c-12733ad5c948:019fb336-3856-7940-9721-5217ba544390
2026/07/30 21:36:54 [hub] client joined room 019fb328-d267-7fc3-bd5c-12733ad5c948:019fb336-3856-7940-9721-5217ba544390 (1 clients)
[GIN-debug] [WARNING] Creating an Engine instance with the Logger and Recovery middleware already attached.

[GIN-debug] [WARNING] Running in "debug" mode. Switch to "release" mode in production.
 - using env:	export GIN_MODE=release
 - using code:	gin.SetMode(gin.ReleaseMode)

[GIN-debug] GET    /health                   --> main.main.func2 (4 handlers)
[GIN-debug] POST   /api/v1/projects/join     --> zell-server/internal/handler.(*InviteHandler).Join-fm (4 handlers)
[GIN-debug] POST   /api/v1/projects/:pid/join --> zell-server/internal/handler.(*InviteHandler).Join-fm (4 handlers)
[GIN-debug] POST   /api/v1/projects/:pid/collab --> zell-server/internal/handler.(*InviteHandler).CollabToggle-fm (5 handlers)
[GIN-debug] GET    /api/v1/projects/:pid/invite --> zell-server/internal/handler.(*InviteHandler).GetInvite-fm (5 handlers)
[GIN-debug] POST   /api/v1/projects/:pid/invite/rotate --> zell-server/internal/handler.(*InviteHandler).RotateInvite-fm (5 handlers)
[GIN-debug] GET    /api/v1/projects/:pid/members --> zell-server/internal/handler.(*InviteHandler).ListMembers-fm (5 handlers)
[GIN-debug] DELETE /api/v1/projects/:pid/members/:client_id --> zell-server/internal/handler.(*InviteHandler).RemoveMember-fm (5 handlers)
[GIN-debug] GET    /api/v1/projects/:pid/pending --> zell-server/internal/handler.(*InviteHandler).ListPending-fm (5 handlers)
[GIN-debug] POST   /api/v1/projects/:pid/pending/:client_id/approve --> zell-server/internal/handler.(*InviteHandler).ApprovePending-fm (5 handlers)
[GIN-debug] POST   /api/v1/projects/:pid/pending/:client_id/reject --> zell-server/internal/handler.(*InviteHandler).RejectPending-fm (5 handlers)
[GIN-debug] POST   /api/v1/projects/:pid/articles --> zell-server/internal/handler.(*ArticleHandler).Create-fm (5 handlers)
[GIN-debug] PUT    /api/v1/projects/:pid/articles/:aid --> zell-server/internal/handler.(*ArticleHandler).Update-fm (5 handlers)
[GIN-debug] DELETE /api/v1/projects/:pid/articles/:aid --> zell-server/internal/handler.(*ArticleHandler).Delete-fm (5 handlers)
[GIN-debug] GET    /api/v1/projects/:pid/articles --> zell-server/internal/handler.(*ArticleHandler).List-fm (5 handlers)
[GIN-debug] GET    /ws/:pid/:aid             --> zell-server/internal/handler.(*WSHandler).Handle-fm (4 handlers)
[GIN-debug] PUT    /api/v1/projects/:pid/publish --> zell-server/internal/handler.(*PublishHandler).SaveConfig-fm (5 handlers)
[GIN-debug] PUT    /api/v1/projects/:pid/publish/articles/:aid --> zell-server/internal/handler.(*PublishHandler).SaveArticle-fm (5 handlers)
[GIN-debug] PUT    /api/v1/projects/:pid/publish/whiteboards/:wid --> zell-server/internal/handler.(*PublishHandler).SaveWhiteboard-fm (5 handlers)
[GIN-debug] GET    /pub/:pid/wiki/           --> zell-server/internal/handler.(*PublishHandler).WikiIndex-fm (4 handlers)
[GIN-debug] GET    /pub/:pid/wiki/:aid       --> zell-server/internal/handler.(*PublishHandler).WikiArticle-fm (4 handlers)
[GIN-debug] GET    /pub/:pid/ppt/:wid        --> zell-server/internal/handler.(*PublishHandler).PPTPreview-fm (4 handlers)
2026/07/30 21:37:07 ========== 本次服务器密钥 ==========
2026/07/30 21:37:07   2b451e80a67b542f92c840010a666b90
2026/07/30 21:37:07   此密钥仅本次启动有效，用于初次验证管理员身份
2026/07/30 21:37:07   项目连接后获得的 token 永久有效，不受密钥变更影响
2026/07/30 21:37:07 =====================================
2026/07/30 21:37:07 Zell server starting on :3000
[GIN-debug] [WARNING] You trusted all proxies, this is NOT safe. We recommend you to set a value.
Please check https://pkg.go.dev/github.com/gin-gonic/gin#readme-don-t-trust-all-proxies for details.
[GIN-debug] Listening and serving HTTP on :3000
2026/07/30 21:37:07 [ws] client client-019fb328-d267-7fc3-bd5c-12733ad5c948 connecting to room 019fb328-d267-7fc3-bd5c-12733ad5c948:019fb336-3856-7940-9721-5217ba544390
2026/07/30 21:37:07 [hub] client joined room 019fb328-d267-7fc3-bd5c-12733ad5c948:019fb336-3856-7940-9721-5217ba544390 (1 clients)
[GIN-debug] [WARNING] Creating an Engine instance with the Logger and Recovery middleware already attached.

[GIN-debug] [WARNING] Running in "debug" mode. Switch to "release" mode in production.
 - using env:	export GIN_MODE=release
 - using code:	gin.SetMode(gin.ReleaseMode)

[GIN-debug] GET    /health                   --> main.main.func2 (4 handlers)
[GIN-debug] POST   /api/v1/projects/join     --> zell-server/internal/handler.(*InviteHandler).Join-fm (4 handlers)
[GIN-debug] POST   /api/v1/projects/:pid/join --> zell-server/internal/handler.(*InviteHandler).Join-fm (4 handlers)
[GIN-debug] POST   /api/v1/projects/:pid/collab --> zell-server/internal/handler.(*InviteHandler).CollabToggle-fm (5 handlers)
[GIN-debug] GET    /api/v1/projects/:pid/invite --> zell-server/internal/handler.(*InviteHandler).GetInvite-fm (5 handlers)
[GIN-debug] POST   /api/v1/projects/:pid/invite/rotate --> zell-server/internal/handler.(*InviteHandler).RotateInvite-fm (5 handlers)
[GIN-debug] GET    /api/v1/projects/:pid/members --> zell-server/internal/handler.(*InviteHandler).ListMembers-fm (5 handlers)
[GIN-debug] DELETE /api/v1/projects/:pid/members/:client_id --> zell-server/internal/handler.(*InviteHandler).RemoveMember-fm (5 handlers)
[GIN-debug] GET    /api/v1/projects/:pid/pending --> zell-server/internal/handler.(*InviteHandler).ListPending-fm (5 handlers)
[GIN-debug] POST   /api/v1/projects/:pid/pending/:client_id/approve --> zell-server/internal/handler.(*InviteHandler).ApprovePending-fm (5 handlers)
[GIN-debug] POST   /api/v1/projects/:pid/pending/:client_id/reject --> zell-server/internal/handler.(*InviteHandler).RejectPending-fm (5 handlers)
[GIN-debug] POST   /api/v1/projects/:pid/articles --> zell-server/internal/handler.(*ArticleHandler).Create-fm (5 handlers)
[GIN-debug] PUT    /api/v1/projects/:pid/articles/:aid --> zell-server/internal/handler.(*ArticleHandler).Update-fm (5 handlers)
[GIN-debug] DELETE /api/v1/projects/:pid/articles/:aid --> zell-server/internal/handler.(*ArticleHandler).Delete-fm (5 handlers)
[GIN-debug] GET    /api/v1/projects/:pid/articles --> zell-server/internal/handler.(*ArticleHandler).List-fm (5 handlers)
[GIN-debug] GET    /ws/:pid/:aid             --> zell-server/internal/handler.(*WSHandler).Handle-fm (4 handlers)
[GIN-debug] PUT    /api/v1/projects/:pid/publish --> zell-server/internal/handler.(*PublishHandler).SaveConfig-fm (5 handlers)
[GIN-debug] PUT    /api/v1/projects/:pid/publish/articles/:aid --> zell-server/internal/handler.(*PublishHandler).SaveArticle-fm (5 handlers)
[GIN-debug] PUT    /api/v1/projects/:pid/publish/whiteboards/:wid --> zell-server/internal/handler.(*PublishHandler).SaveWhiteboard-fm (5 handlers)
[GIN-debug] GET    /pub/:pid/wiki/           --> zell-server/internal/handler.(*PublishHandler).WikiIndex-fm (4 handlers)
[GIN-debug] GET    /pub/:pid/wiki/:aid       --> zell-server/internal/handler.(*PublishHandler).WikiArticle-fm (4 handlers)
[GIN-debug] GET    /pub/:pid/ppt/:wid        --> zell-server/internal/handler.(*PublishHandler).PPTPreview-fm (4 handlers)
2026/07/30 21:37:14 ========== 本次服务器密钥 ==========
2026/07/30 21:37:14   575f83804316a0f48a48ad735f04c54e
2026/07/30 21:37:14   此密钥仅本次启动有效，用于初次验证管理员身份
2026/07/30 21:37:14   项目连接后获得的 token 永久有效，不受密钥变更影响
2026/07/30 21:37:14 =====================================
2026/07/30 21:37:14 Zell server starting on :3000
[GIN-debug] [WARNING] You trusted all proxies, this is NOT safe. We recommend you to set a value.
Please check https://pkg.go.dev/github.com/gin-gonic/gin#readme-don-t-trust-all-proxies for details.
[GIN-debug] Listening and serving HTTP on :3000
2026/07/30 21:37:14 [ws] client client-019fb328-d267-7fc3-bd5c-12733ad5c948 connecting to room 019fb328-d267-7fc3-bd5c-12733ad5c948:019fb336-3856-7940-9721-5217ba544390
2026/07/30 21:37:14 [hub] client joined room 019fb328-d267-7fc3-bd5c-12733ad5c948:019fb336-3856-7940-9721-5217ba544390 (1 clients)
2026/07/30 21:37:44 [hub] client left room 019fb328-d267-7fc3-bd5c-12733ad5c948:019fb336-3856-7940-9721-5217ba544390
[GIN] 2026/07/30 - 21:37:44 | 200 | 30.348166799s |             ::1 | GET      "/ws/019fb328-d267-7fc3-bd5c-12733ad5c948/019fb336-3856-7940-9721-5217ba544390?token=f4584f06-8240-40db-b923-8b1794936011"
2026/07/30 21:37:44 [ws] client client-019fb328-d267-7fc3-bd5c-12733ad5c948 connecting to room 019fb328-d267-7fc3-bd5c-12733ad5c948:019fb336-3856-7940-9721-5217ba544390
2026/07/30 21:37:44 [hub] client joined room 019fb328-d267-7fc3-bd5c-12733ad5c948:019fb336-3856-7940-9721-5217ba544390 (1 clients)
[GIN-debug] [WARNING] Creating an Engine instance with the Logger and Recovery middleware already attached.

[GIN-debug] [WARNING] Running in "debug" mode. Switch to "release" mode in production.
 - using env:	export GIN_MODE=release
 - using code:	gin.SetMode(gin.ReleaseMode)

[GIN-debug] GET    /health                   --> main.main.func2 (4 handlers)
[GIN-debug] POST   /api/v1/projects/join     --> zell-server/internal/handler.(*InviteHandler).Join-fm (4 handlers)
[GIN-debug] POST   /api/v1/projects/:pid/join --> zell-server/internal/handler.(*InviteHandler).Join-fm (4 handlers)
[GIN-debug] POST   /api/v1/projects/:pid/collab --> zell-server/internal/handler.(*InviteHandler).CollabToggle-fm (5 handlers)
[GIN-debug] GET    /api/v1/projects/:pid/invite --> zell-server/internal/handler.(*InviteHandler).GetInvite-fm (5 handlers)
[GIN-debug] POST   /api/v1/projects/:pid/invite/rotate --> zell-server/internal/handler.(*InviteHandler).RotateInvite-fm (5 handlers)
[GIN-debug] GET    /api/v1/projects/:pid/members --> zell-server/internal/handler.(*InviteHandler).ListMembers-fm (5 handlers)
[GIN-debug] DELETE /api/v1/projects/:pid/members/:client_id --> zell-server/internal/handler.(*InviteHandler).RemoveMember-fm (5 handlers)
[GIN-debug] GET    /api/v1/projects/:pid/pending --> zell-server/internal/handler.(*InviteHandler).ListPending-fm (5 handlers)
[GIN-debug] POST   /api/v1/projects/:pid/pending/:client_id/approve --> zell-server/internal/handler.(*InviteHandler).ApprovePending-fm (5 handlers)
[GIN-debug] POST   /api/v1/projects/:pid/pending/:client_id/reject --> zell-server/internal/handler.(*InviteHandler).RejectPending-fm (5 handlers)
[GIN-debug] POST   /api/v1/projects/:pid/articles --> zell-server/internal/handler.(*ArticleHandler).Create-fm (5 handlers)
[GIN-debug] PUT    /api/v1/projects/:pid/articles/:aid --> zell-server/internal/handler.(*ArticleHandler).Update-fm (5 handlers)
[GIN-debug] DELETE /api/v1/projects/:pid/articles/:aid --> zell-server/internal/handler.(*ArticleHandler).Delete-fm (5 handlers)
[GIN-debug] GET    /api/v1/projects/:pid/articles --> zell-server/internal/handler.(*ArticleHandler).List-fm (5 handlers)
[GIN-debug] GET    /ws/:pid/:aid             --> zell-server/internal/handler.(*WSHandler).Handle-fm (4 handlers)
[GIN-debug] PUT    /api/v1/projects/:pid/publish --> zell-server/internal/handler.(*PublishHandler).SaveConfig-fm (5 handlers)
[GIN-debug] PUT    /api/v1/projects/:pid/publish/articles/:aid --> zell-server/internal/handler.(*PublishHandler).SaveArticle-fm (5 handlers)
[GIN-debug] PUT    /api/v1/projects/:pid/publish/whiteboards/:wid --> zell-server/internal/handler.(*PublishHandler).SaveWhiteboard-fm (5 handlers)
[GIN-debug] GET    /pub/:pid/wiki/           --> zell-server/internal/handler.(*PublishHandler).WikiIndex-fm (4 handlers)
[GIN-debug] GET    /pub/:pid/wiki/:aid       --> zell-server/internal/handler.(*PublishHandler).WikiArticle-fm (4 handlers)
[GIN-debug] GET    /pub/:pid/ppt/:wid        --> zell-server/internal/handler.(*PublishHandler).PPTPreview-fm (4 handlers)
2026/07/30 21:37:54 ========== 本次服务器密钥 ==========
2026/07/30 21:37:54   46df486c29e01b9344c6d934be9954c4
2026/07/30 21:37:54   此密钥仅本次启动有效，用于初次验证管理员身份
2026/07/30 21:37:54   项目连接后获得的 token 永久有效，不受密钥变更影响
2026/07/30 21:37:54 =====================================
2026/07/30 21:37:54 Zell server starting on :3000
[GIN-debug] [WARNING] You trusted all proxies, this is NOT safe. We recommend you to set a value.
Please check https://pkg.go.dev/github.com/gin-gonic/gin#readme-don-t-trust-all-proxies for details.
[GIN-debug] Listening and serving HTTP on :3000
2026/07/30 21:37:54 [ws] client client-019fb328-d267-7fc3-bd5c-12733ad5c948 connecting to room 019fb328-d267-7fc3-bd5c-12733ad5c948:019fb336-3856-7940-9721-5217ba544390
2026/07/30 21:37:54 [hub] client joined room 019fb328-d267-7fc3-bd5c-12733ad5c948:019fb336-3856-7940-9721-5217ba544390 (1 clients)
[GIN] 2026/07/30 - 21:38:23 | 200 |     109.986µs |             ::1 | GET      "/health"
2026/07/30 21:38:23 [ws] client client-019fb328-d267-7fc3-bd5c-12733ad5c948 connecting to room 019fb328-d267-7fc3-bd5c-12733ad5c948:__notifications__
2026/07/30 21:38:23 [hub] client joined room 019fb328-d267-7fc3-bd5c-12733ad5c948:__notifications__ (1 clients)
2026/07/30 21:38:23 [hub] client left room 019fb328-d267-7fc3-bd5c-12733ad5c948:019fb336-3856-7940-9721-5217ba544390
[GIN] 2026/07/30 - 21:38:23 | 200 | 29.028992328s |             ::1 | GET      "/ws/019fb328-d267-7fc3-bd5c-12733ad5c948/019fb336-3856-7940-9721-5217ba544390?token=f4584f06-8240-40db-b923-8b1794936011"
2026/07/30 21:38:23 [ws] client client-019fb328-d267-7fc3-bd5c-12733ad5c948 connecting to room 019fb328-d267-7fc3-bd5c-12733ad5c948:019fb336-3856-7940-9721-5217ba544390
2026/07/30 21:38:23 [hub] client joined room 019fb328-d267-7fc3-bd5c-12733ad5c948:019fb336-3856-7940-9721-5217ba544390 (1 clients)
[GIN] 2026/07/30 - 21:38:23 | 200 |      51.161µs |             ::1 | GET      "/health"
2026/07/30 21:38:23 [ws] client client-019fb328-d267-7fc3-bd5c-12733ad5c948 connecting to room 019fb328-d267-7fc3-bd5c-12733ad5c948:__notifications__
2026/07/30 21:38:23 [hub] client joined room 019fb328-d267-7fc3-bd5c-12733ad5c948:__notifications__ (2 clients)
[GIN] 2026/07/30 - 21:38:24 | 204 |      11.623µs |             ::1 | OPTIONS  "/api/v1/projects/019fb328-d267-7fc3-bd5c-12733ad5c948/articles/019fb336-3856-7940-9721-5217ba544390"
[GIN] 2026/07/30 - 21:38:24 | 403 |      47.483µs |             ::1 | PUT      "/api/v1/projects/019fb328-d267-7fc3-bd5c-12733ad5c948/articles/019fb336-3856-7940-9721-5217ba544390"
2026/07/30 21:38:56 [hub] client left room 019fb328-d267-7fc3-bd5c-12733ad5c948:019fb336-3856-7940-9721-5217ba544390
[GIN] 2026/07/30 - 21:38:56 | 200 | 33.022089786s |             ::1 | GET      "/ws/019fb328-d267-7fc3-bd5c-12733ad5c948/019fb336-3856-7940-9721-5217ba544390?token=f4584f06-8240-40db-b923-8b1794936011"
2026/07/30 21:38:56 [ws] client client-019fb328-d267-7fc3-bd5c-12733ad5c948 connecting to room 019fb328-d267-7fc3-bd5c-12733ad5c948:019fb336-3856-7940-9721-5217ba544390
2026/07/30 21:38:56 [hub] client joined room 019fb328-d267-7fc3-bd5c-12733ad5c948:019fb336-3856-7940-9721-5217ba544390 (1 clients)
[GIN-debug] [WARNING] Creating an Engine instance with the Logger and Recovery middleware already attached.

[GIN-debug] [WARNING] Running in "debug" mode. Switch to "release" mode in production.
 - using env:	export GIN_MODE=release
 - using code:	gin.SetMode(gin.ReleaseMode)

[GIN-debug] GET    /health                   --> main.main.func2 (4 handlers)
[GIN-debug] POST   /api/v1/projects/join     --> zell-server/internal/handler.(*InviteHandler).Join-fm (4 handlers)
[GIN-debug] POST   /api/v1/projects/:pid/join --> zell-server/internal/handler.(*InviteHandler).Join-fm (4 handlers)
[GIN-debug] POST   /api/v1/projects/:pid/collab --> zell-server/internal/handler.(*InviteHandler).CollabToggle-fm (5 handlers)
[GIN-debug] GET    /api/v1/projects/:pid/invite --> zell-server/internal/handler.(*InviteHandler).GetInvite-fm (5 handlers)
[GIN-debug] POST   /api/v1/projects/:pid/invite/rotate --> zell-server/internal/handler.(*InviteHandler).RotateInvite-fm (5 handlers)
[GIN-debug] GET    /api/v1/projects/:pid/members --> zell-server/internal/handler.(*InviteHandler).ListMembers-fm (5 handlers)
[GIN-debug] DELETE /api/v1/projects/:pid/members/:client_id --> zell-server/internal/handler.(*InviteHandler).RemoveMember-fm (5 handlers)
[GIN-debug] GET    /api/v1/projects/:pid/pending --> zell-server/internal/handler.(*InviteHandler).ListPending-fm (5 handlers)
[GIN-debug] POST   /api/v1/projects/:pid/pending/:client_id/approve --> zell-server/internal/handler.(*InviteHandler).ApprovePending-fm (5 handlers)
[GIN-debug] POST   /api/v1/projects/:pid/pending/:client_id/reject --> zell-server/internal/handler.(*InviteHandler).RejectPending-fm (5 handlers)
[GIN-debug] POST   /api/v1/projects/:pid/articles --> zell-server/internal/handler.(*ArticleHandler).Create-fm (5 handlers)
[GIN-debug] PUT    /api/v1/projects/:pid/articles/:aid --> zell-server/internal/handler.(*ArticleHandler).Update-fm (5 handlers)
[GIN-debug] DELETE /api/v1/projects/:pid/articles/:aid --> zell-server/internal/handler.(*ArticleHandler).Delete-fm (5 handlers)
[GIN-debug] GET    /api/v1/projects/:pid/articles --> zell-server/internal/handler.(*ArticleHandler).List-fm (5 handlers)
[GIN-debug] GET    /ws/:pid/:aid             --> zell-server/internal/handler.(*WSHandler).Handle-fm (4 handlers)
[GIN-debug] PUT    /api/v1/projects/:pid/publish --> zell-server/internal/handler.(*PublishHandler).SaveConfig-fm (5 handlers)
[GIN-debug] PUT    /api/v1/projects/:pid/publish/articles/:aid --> zell-server/internal/handler.(*PublishHandler).SaveArticle-fm (5 handlers)
[GIN-debug] PUT    /api/v1/projects/:pid/publish/whiteboards/:wid --> zell-server/internal/handler.(*PublishHandler).SaveWhiteboard-fm (5 handlers)
[GIN-debug] GET    /pub/:pid/wiki/           --> zell-server/internal/handler.(*PublishHandler).WikiIndex-fm (4 handlers)
[GIN-debug] GET    /pub/:pid/wiki/:aid       --> zell-server/internal/handler.(*PublishHandler).WikiArticle-fm (4 handlers)
[GIN-debug] GET    /pub/:pid/ppt/:wid        --> zell-server/internal/handler.(*PublishHandler).PPTPreview-fm (4 handlers)
2026/07/30 21:39:01 ========== 本次服务器密钥 ==========
2026/07/30 21:39:01   22746f776232b48c800b271335348b07
2026/07/30 21:39:01   此密钥仅本次启动有效，用于初次验证管理员身份
2026/07/30 21:39:01   项目连接后获得的 token 永久有效，不受密钥变更影响
2026/07/30 21:39:01 =====================================
2026/07/30 21:39:01 Zell server starting on :3000
[GIN-debug] [WARNING] You trusted all proxies, this is NOT safe. We recommend you to set a value.
Please check https://pkg.go.dev/github.com/gin-gonic/gin#readme-don-t-trust-all-proxies for details.
[GIN-debug] Listening and serving HTTP on :3000
2026/07/30 21:39:01 [ws] client client-019fb328-d267-7fc3-bd5c-12733ad5c948 connecting to room 019fb328-d267-7fc3-bd5c-12733ad5c948:019fb336-3856-7940-9721-5217ba544390
2026/07/30 21:39:01 [hub] client joined room 019fb328-d267-7fc3-bd5c-12733ad5c948:019fb336-3856-7940-9721-5217ba544390 (1 clients)
[GIN-debug] [WARNING] Creating an Engine instance with the Logger and Recovery middleware already attached.

[GIN-debug] [WARNING] Running in "debug" mode. Switch to "release" mode in production.
 - using env:	export GIN_MODE=release
 - using code:	gin.SetMode(gin.ReleaseMode)

[GIN-debug] GET    /health                   --> main.main.func2 (4 handlers)
[GIN-debug] POST   /api/v1/projects/join     --> zell-server/internal/handler.(*InviteHandler).Join-fm (4 handlers)
[GIN-debug] POST   /api/v1/projects/:pid/join --> zell-server/internal/handler.(*InviteHandler).Join-fm (4 handlers)
[GIN-debug] POST   /api/v1/projects/:pid/collab --> zell-server/internal/handler.(*InviteHandler).CollabToggle-fm (5 handlers)
[GIN-debug] GET    /api/v1/projects/:pid/invite --> zell-server/internal/handler.(*InviteHandler).GetInvite-fm (5 handlers)
[GIN-debug] POST   /api/v1/projects/:pid/invite/rotate --> zell-server/internal/handler.(*InviteHandler).RotateInvite-fm (5 handlers)
[GIN-debug] GET    /api/v1/projects/:pid/members --> zell-server/internal/handler.(*InviteHandler).ListMembers-fm (5 handlers)
[GIN-debug] DELETE /api/v1/projects/:pid/members/:client_id --> zell-server/internal/handler.(*InviteHandler).RemoveMember-fm (5 handlers)
[GIN-debug] GET    /api/v1/projects/:pid/pending --> zell-server/internal/handler.(*InviteHandler).ListPending-fm (5 handlers)
[GIN-debug] POST   /api/v1/projects/:pid/pending/:client_id/approve --> zell-server/internal/handler.(*InviteHandler).ApprovePending-fm (5 handlers)
[GIN-debug] POST   /api/v1/projects/:pid/pending/:client_id/reject --> zell-server/internal/handler.(*InviteHandler).RejectPending-fm (5 handlers)
[GIN-debug] POST   /api/v1/projects/:pid/articles --> zell-server/internal/handler.(*ArticleHandler).Create-fm (5 handlers)
[GIN-debug] PUT    /api/v1/projects/:pid/articles/:aid --> zell-server/internal/handler.(*ArticleHandler).Update-fm (5 handlers)
[GIN-debug] DELETE /api/v1/projects/:pid/articles/:aid --> zell-server/internal/handler.(*ArticleHandler).Delete-fm (5 handlers)
[GIN-debug] GET    /api/v1/projects/:pid/articles --> zell-server/internal/handler.(*ArticleHandler).List-fm (5 handlers)
[GIN-debug] GET    /ws/:pid/:aid             --> zell-server/internal/handler.(*WSHandler).Handle-fm (4 handlers)
[GIN-debug] PUT    /api/v1/projects/:pid/publish --> zell-server/internal/handler.(*PublishHandler).SaveConfig-fm (5 handlers)
[GIN-debug] PUT    /api/v1/projects/:pid/publish/articles/:aid --> zell-server/internal/handler.(*PublishHandler).SaveArticle-fm (5 handlers)
[GIN-debug] PUT    /api/v1/projects/:pid/publish/whiteboards/:wid --> zell-server/internal/handler.(*PublishHandler).SaveWhiteboard-fm (5 handlers)
[GIN-debug] GET    /pub/:pid/wiki/           --> zell-server/internal/handler.(*PublishHandler).WikiIndex-fm (4 handlers)
[GIN-debug] GET    /pub/:pid/wiki/:aid       --> zell-server/internal/handler.(*PublishHandler).WikiArticle-fm (4 handlers)
[GIN-debug] GET    /pub/:pid/ppt/:wid        --> zell-server/internal/handler.(*PublishHandler).PPTPreview-fm (4 handlers)
2026/07/30 23:47:12 ========== 本次服务器密钥 ==========
2026/07/30 23:47:12   ec4a144de6a73c6a7eacd3885c321b38
2026/07/30 23:47:12   此密钥仅本次启动有效，用于初次验证管理员身份
2026/07/30 23:47:12   项目连接后获得的 token 永久有效，不受密钥变更影响
2026/07/30 23:47:12 =====================================
2026/07/30 23:47:12 Zell server starting on :3000
[GIN-debug] [WARNING] You trusted all proxies, this is NOT safe. We recommend you to set a value.
Please check https://pkg.go.dev/github.com/gin-gonic/gin#readme-don-t-trust-all-proxies for details.
[GIN-debug] Listening and serving HTTP on :3000
[GIN-debug] [WARNING] Creating an Engine instance with the Logger and Recovery middleware already attached.

[GIN-debug] [WARNING] Running in "debug" mode. Switch to "release" mode in production.
 - using env:	export GIN_MODE=release
 - using code:	gin.SetMode(gin.ReleaseMode)

[GIN-debug] GET    /health                   --> main.main.func2 (4 handlers)
[GIN-debug] POST   /api/v1/projects/join     --> zell-server/internal/handler.(*InviteHandler).Join-fm (4 handlers)
[GIN-debug] POST   /api/v1/projects/:pid/join --> zell-server/internal/handler.(*InviteHandler).Join-fm (4 handlers)
[GIN-debug] POST   /api/v1/projects/:pid/collab --> zell-server/internal/handler.(*InviteHandler).CollabToggle-fm (5 handlers)
[GIN-debug] GET    /api/v1/projects/:pid/invite --> zell-server/internal/handler.(*InviteHandler).GetInvite-fm (5 handlers)
[GIN-debug] POST   /api/v1/projects/:pid/invite/rotate --> zell-server/internal/handler.(*InviteHandler).RotateInvite-fm (5 handlers)
[GIN-debug] GET    /api/v1/projects/:pid/members --> zell-server/internal/handler.(*InviteHandler).ListMembers-fm (5 handlers)
[GIN-debug] DELETE /api/v1/projects/:pid/members/:client_id --> zell-server/internal/handler.(*InviteHandler).RemoveMember-fm (5 handlers)
[GIN-debug] GET    /api/v1/projects/:pid/pending --> zell-server/internal/handler.(*InviteHandler).ListPending-fm (5 handlers)
[GIN-debug] POST   /api/v1/projects/:pid/pending/:client_id/approve --> zell-server/internal/handler.(*InviteHandler).ApprovePending-fm (5 handlers)
[GIN-debug] POST   /api/v1/projects/:pid/pending/:client_id/reject --> zell-server/internal/handler.(*InviteHandler).RejectPending-fm (5 handlers)
[GIN-debug] POST   /api/v1/projects/:pid/articles --> zell-server/internal/handler.(*ArticleHandler).Create-fm (5 handlers)
[GIN-debug] PUT    /api/v1/projects/:pid/articles/:aid --> zell-server/internal/handler.(*ArticleHandler).Update-fm (5 handlers)
[GIN-debug] DELETE /api/v1/projects/:pid/articles/:aid --> zell-server/internal/handler.(*ArticleHandler).Delete-fm (5 handlers)
[GIN-debug] GET    /api/v1/projects/:pid/articles --> zell-server/internal/handler.(*ArticleHandler).List-fm (5 handlers)
[GIN-debug] GET    /ws/:pid/:aid             --> zell-server/internal/handler.(*WSHandler).Handle-fm (4 handlers)
[GIN-debug] PUT    /api/v1/projects/:pid/publish --> zell-server/internal/handler.(*PublishHandler).SaveConfig-fm (5 handlers)
[GIN-debug] PUT    /api/v1/projects/:pid/publish/articles/:aid --> zell-server/internal/handler.(*PublishHandler).SaveArticle-fm (5 handlers)
[GIN-debug] PUT    /api/v1/projects/:pid/publish/whiteboards/:wid --> zell-server/internal/handler.(*PublishHandler).SaveWhiteboard-fm (5 handlers)
[GIN-debug] GET    /pub/:pid/wiki/           --> zell-server/internal/handler.(*PublishHandler).WikiIndex-fm (4 handlers)
[GIN-debug] GET    /pub/:pid/wiki/:aid       --> zell-server/internal/handler.(*PublishHandler).WikiArticle-fm (4 handlers)
[GIN-debug] GET    /pub/:pid/ppt/:wid        --> zell-server/internal/handler.(*PublishHandler).PPTPreview-fm (4 handlers)
2026/07/30 23:47:17 ========== 本次服务器密钥 ==========
2026/07/30 23:47:17   cfcfae591724cf2e3d6e3ee68e9ff106
2026/07/30 23:47:17   此密钥仅本次启动有效，用于初次验证管理员身份
2026/07/30 23:47:17   项目连接后获得的 token 永久有效，不受密钥变更影响
2026/07/30 23:47:17 =====================================
2026/07/30 23:47:17 Zell server starting on :3000
[GIN-debug] [WARNING] You trusted all proxies, this is NOT safe. We recommend you to set a value.
Please check https://pkg.go.dev/github.com/gin-gonic/gin#readme-don-t-trust-all-proxies for details.
[GIN-debug] Listening and serving HTTP on :3000
[GIN-debug] [WARNING] Creating an Engine instance with the Logger and Recovery middleware already attached.

[GIN-debug] [WARNING] Running in "debug" mode. Switch to "release" mode in production.
 - using env:	export GIN_MODE=release
 - using code:	gin.SetMode(gin.ReleaseMode)

[GIN-debug] GET    /health                   --> main.main.func2 (4 handlers)
[GIN-debug] POST   /api/v1/projects/join     --> zell-server/internal/handler.(*InviteHandler).Join-fm (4 handlers)
[GIN-debug] POST   /api/v1/projects/:pid/join --> zell-server/internal/handler.(*InviteHandler).Join-fm (4 handlers)
[GIN-debug] POST   /api/v1/projects/:pid/collab --> zell-server/internal/handler.(*InviteHandler).CollabToggle-fm (5 handlers)
[GIN-debug] GET    /api/v1/projects/:pid/invite --> zell-server/internal/handler.(*InviteHandler).GetInvite-fm (5 handlers)
[GIN-debug] POST   /api/v1/projects/:pid/invite/rotate --> zell-server/internal/handler.(*InviteHandler).RotateInvite-fm (5 handlers)
[GIN-debug] GET    /api/v1/projects/:pid/members --> zell-server/internal/handler.(*InviteHandler).ListMembers-fm (5 handlers)
[GIN-debug] DELETE /api/v1/projects/:pid/members/:client_id --> zell-server/internal/handler.(*InviteHandler).RemoveMember-fm (5 handlers)
[GIN-debug] GET    /api/v1/projects/:pid/pending --> zell-server/internal/handler.(*InviteHandler).ListPending-fm (5 handlers)
[GIN-debug] POST   /api/v1/projects/:pid/pending/:client_id/approve --> zell-server/internal/handler.(*InviteHandler).ApprovePending-fm (5 handlers)
[GIN-debug] POST   /api/v1/projects/:pid/pending/:client_id/reject --> zell-server/internal/handler.(*InviteHandler).RejectPending-fm (5 handlers)
[GIN-debug] POST   /api/v1/projects/:pid/articles --> zell-server/internal/handler.(*ArticleHandler).Create-fm (5 handlers)
[GIN-debug] PUT    /api/v1/projects/:pid/articles/:aid --> zell-server/internal/handler.(*ArticleHandler).Update-fm (5 handlers)
[GIN-debug] DELETE /api/v1/projects/:pid/articles/:aid --> zell-server/internal/handler.(*ArticleHandler).Delete-fm (5 handlers)
[GIN-debug] GET    /api/v1/projects/:pid/articles --> zell-server/internal/handler.(*ArticleHandler).List-fm (5 handlers)
[GIN-debug] GET    /ws/:pid/:aid             --> zell-server/internal/handler.(*WSHandler).Handle-fm (4 handlers)
[GIN-debug] PUT    /api/v1/projects/:pid/publish --> zell-server/internal/handler.(*PublishHandler).SaveConfig-fm (5 handlers)
[GIN-debug] PUT    /api/v1/projects/:pid/publish/articles/:aid --> zell-server/internal/handler.(*PublishHandler).SaveArticle-fm (5 handlers)
[GIN-debug] PUT    /api/v1/projects/:pid/publish/whiteboards/:wid --> zell-server/internal/handler.(*PublishHandler).SaveWhiteboard-fm (5 handlers)
[GIN-debug] GET    /pub/:pid/wiki/           --> zell-server/internal/handler.(*PublishHandler).WikiIndex-fm (4 handlers)
[GIN-debug] GET    /pub/:pid/wiki/:aid       --> zell-server/internal/handler.(*PublishHandler).WikiArticle-fm (4 handlers)
[GIN-debug] GET    /pub/:pid/ppt/:wid        --> zell-server/internal/handler.(*PublishHandler).PPTPreview-fm (4 handlers)
2026/07/31 00:00:32 ========== 本次服务器密钥 ==========
2026/07/31 00:00:32   4a7ba55bcf94928d5a665490eda9b492
2026/07/31 00:00:32   此密钥仅本次启动有效，用于初次验证管理员身份
2026/07/31 00:00:32   项目连接后获得的 token 永久有效，不受密钥变更影响
2026/07/31 00:00:32 =====================================
2026/07/31 00:00:32 Zell server starting on :3000
[GIN-debug] [WARNING] You trusted all proxies, this is NOT safe. We recommend you to set a value.
Please check https://pkg.go.dev/github.com/gin-gonic/gin#readme-don-t-trust-all-proxies for details.
[GIN-debug] Listening and serving HTTP on :3000
[GIN] 2026/07/31 - 00:03:56 | 200 |    4.869522ms |             ::1 | GET      "/health"
[GIN] 2026/07/31 - 00:03:56 | 200 |    4.882916ms |             ::1 | GET      "/health"
[GIN] 2026/07/31 - 00:03:56 | 200 |     4.34379ms |             ::1 | GET      "/health"
[GIN] 2026/07/31 - 00:03:56 | 200 |    3.627464ms |             ::1 | GET      "/health"
[GIN] 2026/07/31 - 00:04:09 | 200 |      51.644µs |             ::1 | GET      "/health"
[GIN] 2026/07/31 - 00:04:09 | 200 |      25.877µs |             ::1 | GET      "/health"
[GIN] 2026/07/31 - 00:04:09 | 200 |      62.694µs |             ::1 | GET      "/health"
[GIN] 2026/07/31 - 00:04:09 | 204 |      12.813µs |             ::1 | OPTIONS  "/api/v1/projects/019fb2fa-f50e-7fc2-9b01-c2299ffc7e1d/invite"
[GIN] 2026/07/31 - 00:04:09 | 204 |       4.147µs |             ::1 | OPTIONS  "/api/v1/projects/019fb2fa-f50e-7fc2-9b01-c2299ffc7e1d/members"
[GIN] 2026/07/31 - 00:04:09 | 204 |      57.665µs |             ::1 | OPTIONS  "/api/v1/projects/019fb2fa-f50e-7fc2-9b01-c2299ffc7e1d/pending"
[GIN] 2026/07/31 - 00:04:09 | 403 |      39.542µs |             ::1 | GET      "/api/v1/projects/019fb2fa-f50e-7fc2-9b01-c2299ffc7e1d/invite"
[GIN] 2026/07/31 - 00:04:09 | 403 |      43.028µs |             ::1 | GET      "/api/v1/projects/019fb2fa-f50e-7fc2-9b01-c2299ffc7e1d/members"
[GIN] 2026/07/31 - 00:04:09 | 403 |      47.276µs |             ::1 | GET      "/api/v1/projects/019fb2fa-f50e-7fc2-9b01-c2299ffc7e1d/pending"
[GIN] 2026/07/31 - 00:04:11 | 200 |      25.847µs |             ::1 | GET      "/health"
[GIN] 2026/07/31 - 00:04:11 | 200 |      15.438µs |             ::1 | GET      "/health"
[GIN] 2026/07/31 - 00:04:12 | 200 |      29.845µs |             ::1 | GET      "/health"
[GIN] 2026/07/31 - 00:04:12 | 200 |      13.745µs |             ::1 | GET      "/health"
[GIN] 2026/07/31 - 00:04:12 | 200 |      25.146µs |             ::1 | GET      "/health"
[GIN] 2026/07/31 - 00:04:12 | 204 |       9.126µs |             ::1 | OPTIONS  "/api/v1/projects/019fb328-d267-7fc3-bd5c-12733ad5c948/invite"
[GIN] 2026/07/31 - 00:04:12 | 204 |       3.617µs |             ::1 | OPTIONS  "/api/v1/projects/019fb328-d267-7fc3-bd5c-12733ad5c948/members"
[GIN] 2026/07/31 - 00:04:12 | 204 |       4.969µs |             ::1 | OPTIONS  "/api/v1/projects/019fb328-d267-7fc3-bd5c-12733ad5c948/pending"
[GIN] 2026/07/31 - 00:04:12 | 403 |      54.659µs |             ::1 | GET      "/api/v1/projects/019fb328-d267-7fc3-bd5c-12733ad5c948/invite"
[GIN] 2026/07/31 - 00:04:12 | 403 |      31.417µs |             ::1 | GET      "/api/v1/projects/019fb328-d267-7fc3-bd5c-12733ad5c948/members"
[GIN] 2026/07/31 - 00:04:12 | 403 |      31.827µs |             ::1 | GET      "/api/v1/projects/019fb328-d267-7fc3-bd5c-12733ad5c948/pending"
[GIN] 2026/07/31 - 00:04:13 | 200 |      38.831µs |             ::1 | GET      "/health"
[GIN] 2026/07/31 - 00:04:13 | 200 |      24.084µs |             ::1 | GET      "/health"
[GIN] 2026/07/31 - 00:04:25 | 200 |      24.365µs |             ::1 | GET      "/health"
[GIN] 2026/07/31 - 00:04:25 | 200 |      34.503µs |             ::1 | GET      "/health"
[GIN] 2026/07/31 - 00:04:27 | 200 |      69.226µs |             ::1 | GET      "/health"
[GIN] 2026/07/31 - 00:04:27 | 200 |      34.753µs |             ::1 | GET      "/health"
[GIN] 2026/07/31 - 00:04:37 | 200 |      62.334µs |             ::1 | GET      "/health"
[GIN] 2026/07/31 - 00:04:37 | 200 |      34.462µs |             ::1 | GET      "/health"
[GIN] 2026/07/31 - 00:04:45 | 200 |      27.911µs |             ::1 | GET      "/health"
[GIN] 2026/07/31 - 00:04:45 | 204 |       9.868µs |             ::1 | OPTIONS  "/api/v1/projects/019fb3c5-44aa-7731-b8e0-2b364c8574b2/invite"
[GIN] 2026/07/31 - 00:04:45 | 204 |       3.617µs |             ::1 | OPTIONS  "/api/v1/projects/019fb3c5-44aa-7731-b8e0-2b364c8574b2/members"
[GIN] 2026/07/31 - 00:04:45 | 204 |       6.933µs |             ::1 | OPTIONS  "/api/v1/projects/019fb3c5-44aa-7731-b8e0-2b364c8574b2/pending"
[GIN] 2026/07/31 - 00:04:45 | 200 |    4.537457ms |             ::1 | GET      "/api/v1/projects/019fb3c5-44aa-7731-b8e0-2b364c8574b2/members"
[GIN] 2026/07/31 - 00:04:45 | 404 |    5.405723ms |             ::1 | GET      "/api/v1/projects/019fb3c5-44aa-7731-b8e0-2b364c8574b2/invite"
[GIN] 2026/07/31 - 00:04:45 | 200 |    5.116595ms |             ::1 | GET      "/api/v1/projects/019fb3c5-44aa-7731-b8e0-2b364c8574b2/pending"
[GIN] 2026/07/31 - 00:04:46 | 200 |      30.877µs |             ::1 | GET      "/health"
[GIN] 2026/07/31 - 00:04:46 | 204 |      15.839µs |             ::1 | OPTIONS  "/api/v1/projects/019fb3c5-44aa-7731-b8e0-2b364c8574b2/collab"
[GIN] 2026/07/31 - 00:04:46 | 200 |    4.674028ms |             ::1 | POST     "/api/v1/projects/019fb3c5-44aa-7731-b8e0-2b364c8574b2/collab"
[GIN] 2026/07/31 - 00:04:46 | 200 |      59.559µs |             ::1 | GET      "/health"
[GIN] 2026/07/31 - 00:04:46 | 200 |     810.651µs |             ::1 | GET      "/api/v1/projects/019fb3c5-44aa-7731-b8e0-2b364c8574b2/invite"
[GIN] 2026/07/31 - 00:04:46 | 200 |      185.93µs |             ::1 | GET      "/api/v1/projects/019fb3c5-44aa-7731-b8e0-2b364c8574b2/members"
[GIN] 2026/07/31 - 00:04:46 | 200 |     124.618µs |             ::1 | GET      "/api/v1/projects/019fb3c5-44aa-7731-b8e0-2b364c8574b2/pending"
[GIN] 2026/07/31 - 00:04:50 | 200 |      31.698µs |             ::1 | GET      "/health"
[GIN] 2026/07/31 - 00:04:50 | 200 |     495.966µs |             ::1 | GET      "/api/v1/projects/019fb3c5-44aa-7731-b8e0-2b364c8574b2/invite"
[GIN] 2026/07/31 - 00:04:50 | 200 |     441.387µs |             ::1 | GET      "/api/v1/projects/019fb3c5-44aa-7731-b8e0-2b364c8574b2/members"
[GIN] 2026/07/31 - 00:04:50 | 200 |     345.481µs |             ::1 | GET      "/api/v1/projects/019fb3c5-44aa-7731-b8e0-2b364c8574b2/pending"
[GIN] 2026/07/31 - 00:04:55 | 200 |      37.859µs |             ::1 | GET      "/health"
[GIN] 2026/07/31 - 00:04:55 | 204 |       7.934µs |             ::1 | OPTIONS  "/api/v1/projects/019fb3c5-44aa-7731-b8e0-2b364c8574b2/invite"
[GIN] 2026/07/31 - 00:04:55 | 204 |       3.646µs |             ::1 | OPTIONS  "/api/v1/projects/019fb3c5-44aa-7731-b8e0-2b364c8574b2/members"
[GIN] 2026/07/31 - 00:04:55 | 204 |        5.75µs |             ::1 | OPTIONS  "/api/v1/projects/019fb3c5-44aa-7731-b8e0-2b364c8574b2/pending"
[GIN] 2026/07/31 - 00:04:55 | 200 |     565.254µs |             ::1 | GET      "/api/v1/projects/019fb3c5-44aa-7731-b8e0-2b364c8574b2/invite"
[GIN] 2026/07/31 - 00:04:55 | 200 |     482.422µs |             ::1 | GET      "/api/v1/projects/019fb3c5-44aa-7731-b8e0-2b364c8574b2/members"
[GIN] 2026/07/31 - 00:04:55 | 200 |     145.877µs |             ::1 | GET      "/api/v1/projects/019fb3c5-44aa-7731-b8e0-2b364c8574b2/pending"
[GIN] 2026/07/31 - 00:05:00 | 200 |      29.544µs |             ::1 | GET      "/health"
[GIN] 2026/07/31 - 00:05:00 | 200 |     632.228µs |             ::1 | GET      "/api/v1/projects/019fb3c5-44aa-7731-b8e0-2b364c8574b2/invite"
[GIN] 2026/07/31 - 00:05:00 | 200 |     313.654µs |             ::1 | GET      "/api/v1/projects/019fb3c5-44aa-7731-b8e0-2b364c8574b2/members"
[GIN] 2026/07/31 - 00:05:00 | 200 |     485.379µs |             ::1 | GET      "/api/v1/projects/019fb3c5-44aa-7731-b8e0-2b364c8574b2/pending"
[GIN] 2026/07/31 - 00:05:05 | 200 |      35.345µs |             ::1 | GET      "/health"
[GIN] 2026/07/31 - 00:05:05 | 204 |        5.43µs |             ::1 | OPTIONS  "/api/v1/projects/019fb3c5-44aa-7731-b8e0-2b364c8574b2/invite"
[GIN] 2026/07/31 - 00:05:05 | 204 |        5.84µs |             ::1 | OPTIONS  "/api/v1/projects/019fb3c5-44aa-7731-b8e0-2b364c8574b2/members"
[GIN] 2026/07/31 - 00:05:05 | 204 |       5.059µs |             ::1 | OPTIONS  "/api/v1/projects/019fb3c5-44aa-7731-b8e0-2b364c8574b2/pending"
[GIN] 2026/07/31 - 00:05:05 | 200 |     577.708µs |             ::1 | GET      "/api/v1/projects/019fb3c5-44aa-7731-b8e0-2b364c8574b2/invite"
[GIN] 2026/07/31 - 00:05:05 | 200 |     246.802µs |             ::1 | GET      "/api/v1/projects/019fb3c5-44aa-7731-b8e0-2b364c8574b2/members"
[GIN] 2026/07/31 - 00:05:05 | 200 |     154.743µs |             ::1 | GET      "/api/v1/projects/019fb3c5-44aa-7731-b8e0-2b364c8574b2/pending"
[GIN] 2026/07/31 - 00:05:06 | 204 |      38.441µs |       127.0.0.1 | OPTIONS  "/api/v1/projects/join"
[GIN] 2026/07/31 - 00:05:06 | 200 |    15.01683ms |       127.0.0.1 | POST     "/api/v1/projects/join"
[GIN] 2026/07/31 - 00:05:09 | 200 |     679.436µs |       127.0.0.1 | POST     "/api/v1/projects/join"
[GIN] 2026/07/31 - 00:05:10 | 200 |      28.593µs |             ::1 | GET      "/health"
[GIN] 2026/07/31 - 00:05:10 | 200 |     420.161µs |             ::1 | GET      "/api/v1/projects/019fb3c5-44aa-7731-b8e0-2b364c8574b2/invite"
[GIN] 2026/07/31 - 00:05:10 | 200 |     232.837µs |             ::1 | GET      "/api/v1/projects/019fb3c5-44aa-7731-b8e0-2b364c8574b2/members"
[GIN] 2026/07/31 - 00:05:10 | 200 |     323.172µs |             ::1 | GET      "/api/v1/projects/019fb3c5-44aa-7731-b8e0-2b364c8574b2/pending"
[GIN] 2026/07/31 - 00:05:12 | 204 |      16.119µs |             ::1 | OPTIONS  "/api/v1/projects/019fb3c5-44aa-7731-b8e0-2b364c8574b2/pending/e1d3d81e-cc1f-4738-b470-0f76efc74ba0/approve"
[GIN] 2026/07/31 - 00:05:12 | 204 |      14.146µs |       127.0.0.1 | OPTIONS  "/api/v1/projects/join"
[GIN] 2026/07/31 - 00:05:12 | 200 |   16.873211ms |             ::1 | POST     "/api/v1/projects/019fb3c5-44aa-7731-b8e0-2b364c8574b2/pending/e1d3d81e-cc1f-4738-b470-0f76efc74ba0/approve"
[GIN] 2026/07/31 - 00:05:12 | 200 |    2.149923ms |       127.0.0.1 | POST     "/api/v1/projects/join"
[GIN] 2026/07/31 - 00:05:12 | 200 |      12.823µs |             ::1 | GET      "/health"
[GIN] 2026/07/31 - 00:05:12 | 204 |       4.398µs |             ::1 | OPTIONS  "/api/v1/projects/019fb3c5-44aa-7731-b8e0-2b364c8574b2/invite"
[GIN] 2026/07/31 - 00:05:12 | 204 |       4.208µs |             ::1 | OPTIONS  "/api/v1/projects/019fb3c5-44aa-7731-b8e0-2b364c8574b2/members"
[GIN] 2026/07/31 - 00:05:12 | 204 |       3.757µs |             ::1 | OPTIONS  "/api/v1/projects/019fb3c5-44aa-7731-b8e0-2b364c8574b2/pending"
[GIN] 2026/07/31 - 00:05:12 | 200 |      463.47µs |             ::1 | GET      "/api/v1/projects/019fb3c5-44aa-7731-b8e0-2b364c8574b2/invite"
[GIN] 2026/07/31 - 00:05:12 | 200 |     236.303µs |             ::1 | GET      "/api/v1/projects/019fb3c5-44aa-7731-b8e0-2b364c8574b2/members"
[GIN] 2026/07/31 - 00:05:12 | 200 |     181.823µs |             ::1 | GET      "/api/v1/projects/019fb3c5-44aa-7731-b8e0-2b364c8574b2/pending"
[GIN] 2026/07/31 - 00:05:12 | 204 |       8.626µs |       127.0.0.1 | OPTIONS  "/api/v1/projects/019fb3c5-44aa-7731-b8e0-2b364c8574b2/articles"
[GIN] 2026/07/31 - 00:05:12 | 200 |     502.642µs |       127.0.0.1 | GET      "/api/v1/projects/019fb3c5-44aa-7731-b8e0-2b364c8574b2/articles"
[GIN] 2026/07/31 - 00:05:15 | 200 |      79.205µs |             ::1 | GET      "/health"
[GIN] 2026/07/31 - 00:05:15 | 200 |      28.994µs |             ::1 | GET      "/health"
[GIN] 2026/07/31 - 00:05:15 | 200 |      35.295µs |             ::1 | GET      "/health"
[GIN] 2026/07/31 - 00:05:15 | 200 |     675.109µs |             ::1 | GET      "/api/v1/projects/019fb3c5-44aa-7731-b8e0-2b364c8574b2/invite"
[GIN] 2026/07/31 - 00:05:15 | 200 |     386.419µs |             ::1 | GET      "/api/v1/projects/019fb3c5-44aa-7731-b8e0-2b364c8574b2/pending"
[GIN] 2026/07/31 - 00:05:15 | 200 |     618.365µs |             ::1 | GET      "/api/v1/projects/019fb3c5-44aa-7731-b8e0-2b364c8574b2/members"
[GIN] 2026/07/31 - 00:05:16 | 200 |      26.037µs |             ::1 | GET      "/health"
[GIN] 2026/07/31 - 00:05:16 | 200 |      23.262µs |             ::1 | GET      "/health"
[GIN] 2026/07/31 - 00:05:20 | 200 |      59.619µs |             ::1 | GET      "/health"
[GIN] 2026/07/31 - 00:05:20 | 204 |      12.372µs |             ::1 | OPTIONS  "/api/v1/projects/019fb3c5-44aa-7731-b8e0-2b364c8574b2/invite"
[GIN] 2026/07/31 - 00:05:20 | 204 |      30.136µs |             ::1 | OPTIONS  "/api/v1/projects/019fb3c5-44aa-7731-b8e0-2b364c8574b2/members"
[GIN] 2026/07/31 - 00:05:20 | 204 |       4.498µs |             ::1 | OPTIONS  "/api/v1/projects/019fb3c5-44aa-7731-b8e0-2b364c8574b2/pending"
[GIN] 2026/07/31 - 00:05:20 | 200 |     542.977µs |             ::1 | GET      "/api/v1/projects/019fb3c5-44aa-7731-b8e0-2b364c8574b2/invite"
[GIN] 2026/07/31 - 00:05:20 | 200 |     339.875µs |             ::1 | GET      "/api/v1/projects/019fb3c5-44aa-7731-b8e0-2b364c8574b2/members"
[GIN] 2026/07/31 - 00:05:20 | 200 |     222.268µs |             ::1 | GET      "/api/v1/projects/019fb3c5-44aa-7731-b8e0-2b364c8574b2/pending"
[GIN] 2026/07/31 - 00:05:20 | 200 |      28.943µs |             ::1 | GET      "/health"
[GIN] 2026/07/31 - 00:05:20 | 200 |      39.773µs |             ::1 | GET      "/health"
[GIN] 2026/07/31 - 00:05:24 | 204 |       9.368µs |             ::1 | OPTIONS  "/api/v1/projects/019fb3c5-44aa-7731-b8e0-2b364c8574b2/articles"
[GIN] 2026/07/31 - 00:05:24 | 201 |    3.109585ms |             ::1 | POST     "/api/v1/projects/019fb3c5-44aa-7731-b8e0-2b364c8574b2/articles"
2026/07/31 00:05:24 [ws] client client-019fb3c5-44aa-7731-b8e0-2b364c8574b2 connecting to room 019fb3c5-44aa-7731-b8e0-2b364c8574b2:019fb3c5-fbce-7712-9ccb-fefe86cf007e
2026/07/31 00:05:24 [hub] client joined room 019fb3c5-44aa-7731-b8e0-2b364c8574b2:019fb3c5-fbce-7712-9ccb-fefe86cf007e (1 clients)
2026/07/31 00:05:24 [hub] client left room 019fb3c5-44aa-7731-b8e0-2b364c8574b2:019fb3c5-fbce-7712-9ccb-fefe86cf007e
[GIN] 2026/07/31 - 00:05:24 | 200 |   56.313952ms |             ::1 | GET      "/ws/019fb3c5-44aa-7731-b8e0-2b364c8574b2/019fb3c5-fbce-7712-9ccb-fefe86cf007e?token=04fd1ec4-1b2e-4ab4-a58e-849702500b22"
2026/07/31 00:05:24 [ws] client client-019fb3c5-44aa-7731-b8e0-2b364c8574b2 connecting to room 019fb3c5-44aa-7731-b8e0-2b364c8574b2:019fb3c5-fbce-7712-9ccb-fefe86cf007e
2026/07/31 00:05:24 [hub] client joined room 019fb3c5-44aa-7731-b8e0-2b364c8574b2:019fb3c5-fbce-7712-9ccb-fefe86cf007e (1 clients)
[GIN] 2026/07/31 - 00:05:25 | 204 |      10.349µs |             ::1 | OPTIONS  "/api/v1/projects/019fb3c5-44aa-7731-b8e0-2b364c8574b2/articles/019fb3c5-fbce-7712-9ccb-fefe86cf007e"
[GIN] 2026/07/31 - 00:05:25 | 200 |   15.473518ms |             ::1 | PUT      "/api/v1/projects/019fb3c5-44aa-7731-b8e0-2b364c8574b2/articles/019fb3c5-fbce-7712-9ccb-fefe86cf007e"
2026/07/31 00:05:57 [hub] client left room 019fb3c5-44aa-7731-b8e0-2b364c8574b2:019fb3c5-fbce-7712-9ccb-fefe86cf007e
[GIN] 2026/07/31 - 00:05:57 | 200 | 33.020213806s |             ::1 | GET      "/ws/019fb3c5-44aa-7731-b8e0-2b364c8574b2/019fb3c5-fbce-7712-9ccb-fefe86cf007e?token=04fd1ec4-1b2e-4ab4-a58e-849702500b22"
2026/07/31 00:05:57 [ws] client client-019fb3c5-44aa-7731-b8e0-2b364c8574b2 connecting to room 019fb3c5-44aa-7731-b8e0-2b364c8574b2:019fb3c5-fbce-7712-9ccb-fefe86cf007e
2026/07/31 00:05:57 [hub] client joined room 019fb3c5-44aa-7731-b8e0-2b364c8574b2:019fb3c5-fbce-7712-9ccb-fefe86cf007e (1 clients)
[GIN] 2026/07/31 - 00:06:30 | 200 |  32.93872734s |             ::1 | GET      "/ws/019fb3c5-44aa-7731-b8e0-2b364c8574b2/019fb3c5-fbce-7712-9ccb-fefe86cf007e?token=04fd1ec4-1b2e-4ab4-a58e-849702500b22"
2026/07/31 00:06:30 [hub] client left room 019fb3c5-44aa-7731-b8e0-2b364c8574b2:019fb3c5-fbce-7712-9ccb-fefe86cf007e
2026/07/31 00:06:31 [ws] client client-019fb3c5-44aa-7731-b8e0-2b364c8574b2 connecting to room 019fb3c5-44aa-7731-b8e0-2b364c8574b2:019fb3c5-fbce-7712-9ccb-fefe86cf007e
2026/07/31 00:06:31 [hub] client joined room 019fb3c5-44aa-7731-b8e0-2b364c8574b2:019fb3c5-fbce-7712-9ccb-fefe86cf007e (1 clients)
[GIN] 2026/07/31 - 00:07:03 | 200 | 32.938685034s |             ::1 | GET      "/ws/019fb3c5-44aa-7731-b8e0-2b364c8574b2/019fb3c5-fbce-7712-9ccb-fefe86cf007e?token=04fd1ec4-1b2e-4ab4-a58e-849702500b22"
2026/07/31 00:07:03 [hub] client left room 019fb3c5-44aa-7731-b8e0-2b364c8574b2:019fb3c5-fbce-7712-9ccb-fefe86cf007e
2026/07/31 00:07:04 [ws] client client-019fb3c5-44aa-7731-b8e0-2b364c8574b2 connecting to room 019fb3c5-44aa-7731-b8e0-2b364c8574b2:019fb3c5-fbce-7712-9ccb-fefe86cf007e
2026/07/31 00:07:04 [hub] client joined room 019fb3c5-44aa-7731-b8e0-2b364c8574b2:019fb3c5-fbce-7712-9ccb-fefe86cf007e (1 clients)
[GIN] 2026/07/31 - 00:07:21 | 200 |      74.919µs |             ::1 | GET      "/health"
2026/07/31 00:07:36 [hub] client left room 019fb3c5-44aa-7731-b8e0-2b364c8574b2:019fb3c5-fbce-7712-9ccb-fefe86cf007e
[GIN] 2026/07/31 - 00:07:36 | 200 | 32.938461734s |             ::1 | GET      "/ws/019fb3c5-44aa-7731-b8e0-2b364c8574b2/019fb3c5-fbce-7712-9ccb-fefe86cf007e?token=04fd1ec4-1b2e-4ab4-a58e-849702500b22"
2026/07/31 00:07:37 [ws] client client-019fb3c5-44aa-7731-b8e0-2b364c8574b2 connecting to room 019fb3c5-44aa-7731-b8e0-2b364c8574b2:019fb3c5-fbce-7712-9ccb-fefe86cf007e
2026/07/31 00:07:37 [hub] client joined room 019fb3c5-44aa-7731-b8e0-2b364c8574b2:019fb3c5-fbce-7712-9ccb-fefe86cf007e (1 clients)
2026/07/31 00:08:10 [hub] client left room 019fb3c5-44aa-7731-b8e0-2b364c8574b2:019fb3c5-fbce-7712-9ccb-fefe86cf007e
[GIN] 2026/07/31 - 00:08:10 | 200 | 32.939054769s |             ::1 | GET      "/ws/019fb3c5-44aa-7731-b8e0-2b364c8574b2/019fb3c5-fbce-7712-9ccb-fefe86cf007e?token=04fd1ec4-1b2e-4ab4-a58e-849702500b22"
2026/07/31 00:08:10 [ws] client client-019fb3c5-44aa-7731-b8e0-2b364c8574b2 connecting to room 019fb3c5-44aa-7731-b8e0-2b364c8574b2:019fb3c5-fbce-7712-9ccb-fefe86cf007e
2026/07/31 00:08:10 [hub] client joined room 019fb3c5-44aa-7731-b8e0-2b364c8574b2:019fb3c5-fbce-7712-9ccb-fefe86cf007e (1 clients)
2026/07/31 00:08:43 [hub] client left room 019fb3c5-44aa-7731-b8e0-2b364c8574b2:019fb3c5-fbce-7712-9ccb-fefe86cf007e
[GIN] 2026/07/31 - 00:08:43 | 200 | 32.939278002s |             ::1 | GET      "/ws/019fb3c5-44aa-7731-b8e0-2b364c8574b2/019fb3c5-fbce-7712-9ccb-fefe86cf007e?token=04fd1ec4-1b2e-4ab4-a58e-849702500b22"
2026/07/31 00:08:43 [ws] client client-019fb3c5-44aa-7731-b8e0-2b364c8574b2 connecting to room 019fb3c5-44aa-7731-b8e0-2b364c8574b2:019fb3c5-fbce-7712-9ccb-fefe86cf007e
2026/07/31 00:08:43 [hub] client joined room 019fb3c5-44aa-7731-b8e0-2b364c8574b2:019fb3c5-fbce-7712-9ccb-fefe86cf007e (1 clients)
2026/07/31 00:09:16 [hub] client left room 019fb3c5-44aa-7731-b8e0-2b364c8574b2:019fb3c5-fbce-7712-9ccb-fefe86cf007e
[GIN] 2026/07/31 - 00:09:16 | 200 | 32.938726722s |             ::1 | GET      "/ws/019fb3c5-44aa-7731-b8e0-2b364c8574b2/019fb3c5-fbce-7712-9ccb-fefe86cf007e?token=04fd1ec4-1b2e-4ab4-a58e-849702500b22"
2026/07/31 00:09:16 [ws] client client-019fb3c5-44aa-7731-b8e0-2b364c8574b2 connecting to room 019fb3c5-44aa-7731-b8e0-2b364c8574b2:019fb3c5-fbce-7712-9ccb-fefe86cf007e
2026/07/31 00:09:16 [hub] client joined room 019fb3c5-44aa-7731-b8e0-2b364c8574b2:019fb3c5-fbce-7712-9ccb-fefe86cf007e (1 clients)
2026/07/31 00:09:49 [hub] client left room 019fb3c5-44aa-7731-b8e0-2b364c8574b2:019fb3c5-fbce-7712-9ccb-fefe86cf007e
[GIN] 2026/07/31 - 00:09:49 | 200 | 32.938740249s |             ::1 | GET      "/ws/019fb3c5-44aa-7731-b8e0-2b364c8574b2/019fb3c5-fbce-7712-9ccb-fefe86cf007e?token=04fd1ec4-1b2e-4ab4-a58e-849702500b22"
2026/07/31 00:09:49 [ws] client client-019fb3c5-44aa-7731-b8e0-2b364c8574b2 connecting to room 019fb3c5-44aa-7731-b8e0-2b364c8574b2:019fb3c5-fbce-7712-9ccb-fefe86cf007e
2026/07/31 00:09:49 [hub] client joined room 019fb3c5-44aa-7731-b8e0-2b364c8574b2:019fb3c5-fbce-7712-9ccb-fefe86cf007e (1 clients)
2026/07/31 00:10:22 [hub] client left room 019fb3c5-44aa-7731-b8e0-2b364c8574b2:019fb3c5-fbce-7712-9ccb-fefe86cf007e
[GIN] 2026/07/31 - 00:10:22 | 200 | 32.938882396s |             ::1 | GET      "/ws/019fb3c5-44aa-7731-b8e0-2b364c8574b2/019fb3c5-fbce-7712-9ccb-fefe86cf007e?token=04fd1ec4-1b2e-4ab4-a58e-849702500b22"
2026/07/31 00:10:22 [ws] client client-019fb3c5-44aa-7731-b8e0-2b364c8574b2 connecting to room 019fb3c5-44aa-7731-b8e0-2b364c8574b2:019fb3c5-fbce-7712-9ccb-fefe86cf007e
2026/07/31 00:10:22 [hub] client joined room 019fb3c5-44aa-7731-b8e0-2b364c8574b2:019fb3c5-fbce-7712-9ccb-fefe86cf007e (1 clients)
[GIN] 2026/07/31 - 00:10:55 | 200 | 32.938722748s |             ::1 | GET      "/ws/019fb3c5-44aa-7731-b8e0-2b364c8574b2/019fb3c5-fbce-7712-9ccb-fefe86cf007e?token=04fd1ec4-1b2e-4ab4-a58e-849702500b22"
2026/07/31 00:10:55 [hub] client left room 019fb3c5-44aa-7731-b8e0-2b364c8574b2:019fb3c5-fbce-7712-9ccb-fefe86cf007e
2026/07/31 00:10:55 [ws] client client-019fb3c5-44aa-7731-b8e0-2b364c8574b2 connecting to room 019fb3c5-44aa-7731-b8e0-2b364c8574b2:019fb3c5-fbce-7712-9ccb-fefe86cf007e
2026/07/31 00:10:55 [hub] client joined room 019fb3c5-44aa-7731-b8e0-2b364c8574b2:019fb3c5-fbce-7712-9ccb-fefe86cf007e (1 clients)
